JNI_OnLoad called: Native library loaded.
Native function called with:
  String: HelloNative
  Int a: 10
  Int b: 20
Native test function returned: 30
Native doubleadd called with:
  Double a: 0x4014666666666666 5.100000
  Double b: 0x400999999999999a 3.200000
  Double r: 0x402099999999999a 8.300000
Native add function returned: 8.300000
Native floatadd called with:
  Float a: 0x40b00000 5.500000
  Float b: 0xbf8ccccd -1.100000
  Float r: 0x408ccccd 4.400000
Native add function returned: 4.400000
Native add function returned: 30000000000
Native executeMethod add returned: 32
Native executeMethod add returned: 90
Native executeMethod add returned: 110
Native executeMethod mul returned: 600
